============================================================
📊 IPTV 源统计报告 - 2026-09-26 00:13:15
📺 对应文件: iptv.m3u
🔒 隐私保护: 所有源URL已进行模糊处理
============================================================

📈 总体统计:
   总频道数: 175
   总源数量: 336
   IPv4源: 333
   IPv6源: 3
   源类型比例: IPv4 99.1% | IPv6 0.9%

📺 频道分类统计:
   央视频道: 34个频道, 91个源
   卫视频道: 45个频道, 117个源
   山东专属频道: 16个频道, 31个源
   港澳频道: 4个频道, 4个源
   电影频道: 10个频道, 19个源
   儿童频道: 8个频道, 14个源
   iHOT频道: 14个频道, 14个源
   综合频道: 23个频道, 26个源
   体育频道: 5个频道, 5个源
   剧场频道: 15个频道, 15个源

🔍 源质量评估:
   默认源: https://ghfast.top/***/resu****.m3u
     频道数: 0 | IPv4: 0 | IPv6: 0 | 质量: ★
   默认源: https://***.githubusercontent.com/***/ipv6.m3u
     频道数: 0 | IPv4: 0 | IPv6: 0 | 质量: ★
   默认源: https://***.githubusercontent.com/***/ipv4.txt
     频道数: 54 | IPv4: 162 | IPv6: 0 | 质量: ★★★★★
   默认源: http://***.99.30/***/2025.txt
     频道数: 0 | IPv4: 0 | IPv6: 0 | 质量: ★
   默认源: https://***.githubusercontent.com/***/iptv.m3u
     频道数: 168 | IPv4: 171 | IPv6: 3 | 质量: ★★★★★
   用户添加: http://***.html-5.me/***/9390****.txt
     频道数: 0 | IPv4: 0 | IPv6: 0 | 质量: ★

🏆 最佳用户源推荐:
   http://***.html-5.me/***/9390****.txt
   该源贡献了 0 个频道
   包含 0 个IPv4源和 0 个IPv6源

📊 频道源数量排行榜 (前10):
    1. 江苏卫视: 5个源
    2. 东方卫视: 5个源
    3. 北京卫视: 5个源
    4. CCTV1: 4个源
    5. CCTV2: 4个源
    6. CCTV3: 4个源
    7. CCTV4: 4个源
    8. CCTV4欧洲: 4个源
    9. CCTV4美洲: 4个源
   10. CCTV5: 4个源

============================================================
💡 提示: 建议优先使用IPv4源，IPv6源作为备选
🔒 隐私说明: 源URL已模糊处理以保护数据安全
============================================================
